<!doctype html><html lang="ko"><head><script async src="https://www.googletagmanager.com/gtag/js?id=UA-116665513-1"></script><script>
  window.dataLayer = window.dataLayer || [];
  function gtag(){dataLayer.push(arguments);}
  gtag('js', new Date());

  gtag('config', 'UA-116665513-1');
</script><meta charset="utf-8"><meta name="viewport" content="width=device-width, initial-scale=1, shrink-to-fit=no"><link rel="icon" href="/favicon.png"><title>Acceptance - Golden - 가사</title><meta name="description" content="Acceptance - Golden - 노래,음악,가사,노래가사,음악가사"><meta name="og:url" content="http://lyric.vicharas.net/artist/Acceptance/Golden/"><meta name="og:type" content="blog"><meta name="og:title" content="Acceptance - Golden - 가사"><meta name="og:description" content="Acceptance - Golden - 노래,음악,가사,노래가사,음악가사"><meta name="og:image" content="/favicon.png"><meta name="author" content="lyric"><meta name="twitter:card" content="summary"><meta name="twitter:url" content="http://lyric.vicharas.net/artist/Acceptance/Golden/"><meta name="twitter:title" content="Acceptance - Golden - 가사"><meta name="twitter:description" content="Acceptance - Golden - 노래,음악,가사,노래가사,음악가사"><meta name="twitter:image" content="/favicon.png"><link rel="canonical" href="http://lyric.vicharas.net/artist/Acceptance/Golden/"><link href="/static/bootstrap.min.css" rel="stylesheet"><link href="/static/cover.css" rel="stylesheet"><link rel="alternate" href="http://lyric.vicharas.net/artist/Acceptance/Golden/" hreflang="ko"/></head><body class="text-center"><div class="cover-container d-flex h-100 p-3 mx-auto flex-column"><header class="masthead mb-auto"><div class="inner"><a href="/"><h3 class="masthead-brand">lyric</h3></a></div></header><main role="main" class="inner cover"><h1 class="cover-heading">Golden</h1><br/><p class="lead"> Artist - Acceptance<br><br> We're all just chemicals <br>We're all just chemicals <br>You can lose yourself in me <br>And I feel it when you breathe <br>We're all just physical <br>And so subliminal <br>I can lose myself in you <br>And you pull, you pull me through <br><br>So I'm told, we grow old and move on, and move on <br>So I'm told, to fear gold, and shiver, shiver <br>As you hold me close and take me through the night <br>The two of us are bound to get the ride <br>We're getting high <br><br>And we're all just chemicals <br>And we're all just chemicals <br>You can lose yourself in me <br>And I feel you when you breathe <br>We're all just physical <br>And you're so subliminal <br>And I lose myself in you <br>And you pull, you pull me through <br><br>Check my eyes sharing lies with my head, with my head <br>I am told, to fear gold, shiver, shiver <br>As you hold me close and take me through the night <br>The two of us are bound to get the ride <br>We're getting high <br><br>And we're all just chemicals <br>We're all just chemicals <br>Lose myself <br><br>It gets better, better than this <br>It gets better, better than this <br>So golden, golden <br>It gets better, better than this <br>It gets better, better than this <br>So golden, golden <br>It gets better, better than this <br>It gets better, better than this <br>So golden, golden <br>It gets better, better than this <br>It gets better, better than this <br>So golden, golden <br><br>It gets better, better than this <br>It gets better, better than this <br>So golden, golden </p><table class="table table-striped table-dark"><tbody><tr><th scope="row">앨범</th><td>Colliding By Design</td></tr><tr><th scope="row">발매일</th><td>2017-02-24</td></tr><tr><th scope="row">장르</th><td>Rock</td></tr></tbody></table><br><br><div class="list-group" id="listGroup"></div><br><br><div id="disqus_thread"></div><script>
(function() {
var d = document, s = d.createElement('script');
s.src = 'https://lyric-1.disqus.com/embed.js';
s.setAttribute('data-timestamp', +new Date());
(d.head || d.body).appendChild(s);
})();
</script></main><footer class="mastfoot mt-auto"><div class="inner"><p>since 2018</p></div></footer></div><script src="https://code.jquery.com/jquery-3.2.1.slim.min.js" integrity="sha384-KJ3o2DKtIkvYIK3UENzmM7KCkRr/rE9/Qpg6aAZGJwFDMVNA/GpGFF93hXpG5KkN" crossorigin="anonymous"></script><script>window.jQuery || document.write('<script src="/static/jquery-slim.min.js"><\/script>')</script><script src="/static/popper.min.js"></script><script src="/static/bootstrap.min.js"></script><script src="/static/post.js"></script></body></html>