<!doctype html><html lang="ko"><head><script async src="https://www.googletagmanager.com/gtag/js?id=UA-116665513-1"></script><script>
  window.dataLayer = window.dataLayer || [];
  function gtag(){dataLayer.push(arguments);}
  gtag('js', new Date());

  gtag('config', 'UA-116665513-1');
</script><meta charset="utf-8"><meta name="viewport" content="width=device-width, initial-scale=1, shrink-to-fit=no"><link rel="icon" href="/favicon.png"><title>Morgan Heritage - Golden - lyric</title><meta name="description" content="Morgan Heritage - Golden - 노래,음악,가사,노래가사,음악가사"><meta name="og:url" content="http://lyric.vicharas.net/artist/Morgan_Heritage/Golden/"><meta name="og:type" content="blog"><meta name="og:title" content="Morgan Heritage - Golden - lyric"><meta name="og:description" content="Morgan Heritage - Golden - 노래,음악,가사,노래가사,음악가사"><meta name="og:image" content="/favicon.png"><meta name="author" content="lyric"><meta name="twitter:card" content="summary"><meta name="twitter:url" content="http://lyric.vicharas.net/artist/Morgan_Heritage/Golden/"><meta name="twitter:title" content="Morgan Heritage - Golden - lyric"><meta name="twitter:description" content="Morgan Heritage - Golden - 노래,음악,가사,노래가사,음악가사"><meta name="twitter:image" content="/favicon.png"><link rel="canonical" href="http://lyric.vicharas.net/artist/Morgan_Heritage/Golden/"><link href="/static/bootstrap.min.css" rel="stylesheet"><link href="/static/cover.css" rel="stylesheet"><link rel="alternate" href="http://lyric.vicharas.net/artist/Morgan_Heritage/Golden/" hreflang="ko"/></head><body class="text-center"><div class="cover-container d-flex h-100 p-3 mx-auto flex-column"><header class="masthead mb-auto"><div class="inner"><a href="/"><h3 class="masthead-brand">lyric</h3></a></div></header><main role="main" class="inner cover"><h1 class="cover-heading">Golden</h1><br/><p class="lead"> Artist - Morgan Heritage<br><br> We're Back yawl <br>I know how it feels <br>when u miss somebody <br>A yo it's M to the H <br>for life now baby Rockaz <br>Let’s do it <br>Just like me sure MH is forever <br>Same way me sure <br>our love is forever girl <br>Our love is forever girl yeah <br>I don't want another woman baby <br>All I want is you <br>This love is worth a lifetime <br>And I wanna live it with you <br>Just the way you say my name <br>I feel the sound <br>of your voice all over <br>You give me the feeling <br>like I'm winning hey <br>Now I don't wanna be one day <br>without you <br>Your loving is Golden Golden <br>Yeah and I just love to love you <br>And I never get enough <br>I never get enough <br>Never wanna be without you <br>Your loving is Golden Golden <br>Yeah and I just love to love you <br>And I never get enough <br>I never get enough <br>Me can't hold back mi <br>love for you at all <br>Me love you like <br>the little children love candy <br>Me love you like <br>when the fans get in a frenzy <br>My love is like a river <br>that never runs dry <br>The best of you baby <br>you give me so I give you <br>All that I am <br>just let me let me <br>let me love you <br>This is like a love scene baby <br>The way you shower <br>your love on me <br>It's like a waterfall <br>Dunn's River Falls hey <br>Now I don't wanna be one day <br>without you <br>Your loving is Golden Golden <br>Yeah and I just love to love you <br>And I never get enough <br>I never get enough <br>Never wanna be without you <br>Your loving is Golden Golden <br>Yeah and I just love to love you <br>And I never get enough <br>I never get enough <br>Baby you give me love <br>like no other lady <br>Every little thing you do I love it <br>I don't ever wanna be <br>without you no way <br>You give me loving morning <br>noon and night <br>Your sex appeal <br>your smile your body <br>everything right <br>Mi can't complain <br>no mi can't complain <br>Mi sure of your love like mi sure <br>Gramps is my name <br>Like Twilight <br>your love is my lifeline <br>Get high off your goodies <br>you sweet like fine wine <br>Straight off the G5 <br>I can't count the hours <br>Sugar lips your love gots the power <br>To close to touch <br>the thought is too much <br>If I ever lost your love <br>the search would never be <br>Over over <br>it would never be over <br>You stole my heart <br>like a high school crush <br>Had the vision to see <br>I was a diamond in therough uh <br>Like a raider you would be my lost ark <br>You shine so bright <br>I could find you in da dark <br>yeah uh <br>I can never ever see a life <br>without you and me <br>Living life in paradise is <br>where I see are destiny <br>24 karats of gold <br>your love is pure <br>And one things for sure <br>I'm forever yours <br>be one day without you <br>Your loving is Golden Golden <br>Yeah and I just love to love you <br>And I never get enough <br>I never get enough <br>Never wanna be without you <br>Your loving is Golden Golden <br>Yeah and I just love to love you <br>And I never get enough <br>I never get enough <br>be one day without you <br>Your loving is Golden Golden <br>Yeah and I just love to love you <br>And I never get enough <br>I never get enough <br>Never wanna be without you <br>Your loving is Golden Golden <br>Yeah and I just love to love you <br>And I never get enough <br>I never get enough <br></p><table class="table table-striped table-dark"><tbody><tr><th scope="row">앨범</th><td>Avrakedabra</td></tr><tr><th scope="row">발매일</th><td>2017-06-29</td></tr><tr><th scope="row">장르</th><td>World</td></tr></tbody></table><br><br><div id="disqus_thread"></div><script>
(function() {
var d = document, s = d.createElement('script');
s.src = 'https://lyric-1.disqus.com/embed.js';
s.setAttribute('data-timestamp', +new Date());
(d.head || d.body).appendChild(s);
})();
</script></main><footer class="mastfoot mt-auto"><div class="inner"><p>since 2018</p></div></footer></div><script src="https://code.jquery.com/jquery-3.2.1.slim.min.js" integrity="sha384-KJ3o2DKtIkvYIK3UENzmM7KCkRr/rE9/Qpg6aAZGJwFDMVNA/GpGFF93hXpG5KkN" crossorigin="anonymous"></script><script>window.jQuery || document.write('<script src="/static/jquery-slim.min.js"><\/script>')</script><script src="/static/popper.min.js"></script><script src="/static/bootstrap.min.js"></script></body></html>